Oct 27 14:02:11 server sshd[1234]: Failed password for invalid user admin from 192.168.1.100 port 22 ssh2
Oct 27 14:15:33 server sshd[1235]: Accepted password for admin from 192.168.1.101 port 22 ssh2
Oct 27 14:18:01 server sshd[1236]: Failed password for root from 192.168.1.100 port 22 ssh2
Oct 27 14:22:45 server sudo: jdoe : TTY=pts/0 ; PWD=/home/jdoe ; USER=root ; COMMAND=/bin/cat /var/log/auth.log
Oct 27 14:50:10 server clamav[5678]: Scan completed, 0 viruses found
Oct 27 15:05:22 server iptables: Unauthorized connection attempt from 10.0.0.5 to port 3389